Archive member included because of file (symbol)

d:/atmel toolchain/avr8 gcc/native/3.4.1061/avr8-gnu-toolchain/bin/../lib/gcc/avr/4.8.1/avr5\libgcc.a(_exit.o)
                              d:/atmel toolchain/avr8 gcc/native/3.4.1061/avr8-gnu-toolchain/bin/../lib/gcc/avr/4.8.1/../../../../avr/lib/avr5/crtm32u4.o (exit)
d:/atmel toolchain/avr8 gcc/native/3.4.1061/avr8-gnu-toolchain/bin/../lib/gcc/avr/4.8.1/avr5\libgcc.a(_tablejump.o)
                              Driver/Source/ADC.o (__tablejump2__)
d:/atmel toolchain/avr8 gcc/native/3.4.1061/avr8-gnu-toolchain/bin/../lib/gcc/avr/4.8.1/avr5\libgcc.a(_copy_data.o)
                              Driver/Source/PWM.o (__do_copy_data)
d:/atmel toolchain/avr8 gcc/native/3.4.1061/avr8-gnu-toolchain/bin/../lib/gcc/avr/4.8.1/avr5\libgcc.a(_clear_bss.o)
                              Driver/Source/USART.o (__do_clear_bss)
d:/atmel toolchain/avr8 gcc/native/3.4.1061/avr8-gnu-toolchain/bin/../lib/gcc/avr/4.8.1/avr5\libgcc.a(_umulhisi3.o)
                              Driver/Source/USART.o (__umulhisi3)
d:/atmel toolchain/avr8 gcc/native/3.4.1061/avr8-gnu-toolchain/bin/../lib/gcc/avr/4.8.1/../../../../avr/lib/avr5\libc.a(memcpy_P.o)
                              Driver/Source/LCD_control.o (memcpy_P)

Allocating common symbols
Common symbol       size              file

a                   0x5               Driver/Source/USART.o
lineState           0x1               Sources/main.o
adcFlag             0x1               Sources/main.o

Discarded input sections

 .data          0x00000000        0x0 d:/atmel toolchain/avr8 gcc/native/3.4.1061/avr8-gnu-toolchain/bin/../lib/gcc/avr/4.8.1/../../../../avr/lib/avr5/crtm32u4.o
 .bss           0x00000000        0x0 d:/atmel toolchain/avr8 gcc/native/3.4.1061/avr8-gnu-toolchain/bin/../lib/gcc/avr/4.8.1/../../../../avr/lib/avr5/crtm32u4.o
 .text          0x00000000        0x0 Driver/Source/ADC.o
 .data          0x00000000        0x0 Driver/Source/ADC.o
 .bss           0x00000000        0x0 Driver/Source/ADC.o
 .text.ADC_init
                0x00000000       0x1c Driver/Source/ADC.o
 .text.ADC_setADMUX
                0x00000000      0x184 Driver/Source/ADC.o
 .progmem.gcc_sw_table.ADC_setADMUX
                0x00000000       0x46 Driver/Source/ADC.o
 .text.ADC_read
                0x00000000       0x26 Driver/Source/ADC.o
 .text          0x00000000        0x0 Driver/Source/LCD_control.o
 .data          0x00000000        0x0 Driver/Source/LCD_control.o
 .bss           0x00000000        0x0 Driver/Source/LCD_control.o
 .text.setup    0x00000000        0x8 Driver/Source/LCD_control.o
 .text.Clear_LCD
                0x00000000       0xbc Driver/Source/LCD_control.o
 .text.Init_LCD
                0x00000000       0x54 Driver/Source/LCD_control.o
 .text.Write_String
                0x00000000       0x9e Driver/Source/LCD_control.o
 .text.Read_LCD_controlreg
                0x00000000       0x54 Driver/Source/LCD_control.o
 .text.Shift_left
                0x00000000       0x48 Driver/Source/LCD_control.o
 .text.Delay1mS
                0x00000000       0x1c Driver/Source/LCD_control.o
 .debug_info    0x00000000      0x458 Driver/Source/LCD_control.o
 .debug_abbrev  0x00000000      0x1aa Driver/Source/LCD_control.o
 .debug_loc     0x00000000      0x2da Driver/Source/LCD_control.o
 .debug_aranges
                0x00000000       0x50 Driver/Source/LCD_control.o
 .debug_ranges  0x00000000       0x40 Driver/Source/LCD_control.o
 .debug_line    0x00000000      0x222 Driver/Source/LCD_control.o
 .debug_str     0x00000000      0x218 Driver/Source/LCD_control.o
 .comment       0x00000000       0x31 Driver/Source/LCD_control.o
 .debug_frame   0x00000000       0xd4 Driver/Source/LCD_control.o
 .text          0x00000000        0x0 Driver/Source/PWM.o
 .data          0x00000000        0x0 Driver/Source/PWM.o
 .bss           0x00000000        0x0 Driver/Source/PWM.o
 .text          0x00000000        0x0 Driver/Source/TWI_driver.o
 .data          0x00000000        0x0 Driver/Source/TWI_driver.o
 .bss           0x00000000        0x0 Driver/Source/TWI_driver.o
 .text.Init_TWI
                0x00000000       0x16 Driver/Source/TWI_driver.o
 .text.Wait_TWI_int
                0x00000000        0xc Driver/Source/TWI_driver.o
 .text.Send_start
                0x00000000       0x28 Driver/Source/TWI_driver.o
 .text.Send_stop
                0x00000000        0x8 Driver/Source/TWI_driver.o
 .text.Send_byte
                0x00000000       0x2a Driver/Source/TWI_driver.o
 .text.Send_adr
                0x00000000       0x36 Driver/Source/TWI_driver.o
 .text.Get_byte
                0x00000000       0x5c Driver/Source/TWI_driver.o
 .text.Send_to_TWI
                0x00000000       0xc0 Driver/Source/TWI_driver.o
 .debug_info    0x00000000      0x29b Driver/Source/TWI_driver.o
 .debug_abbrev  0x00000000      0x156 Driver/Source/TWI_driver.o
 .debug_loc     0x00000000      0x2a9 Driver/Source/TWI_driver.o
 .debug_aranges
                0x00000000       0x58 Driver/Source/TWI_driver.o
 .debug_ranges  0x00000000       0x48 Driver/Source/TWI_driver.o
 .debug_line    0x00000000      0x1e2 Driver/Source/TWI_driver.o
 .debug_str     0x00000000      0x1e1 Driver/Source/TWI_driver.o
 .comment       0x00000000       0x31 Driver/Source/TWI_driver.o
 .debug_frame   0x00000000       0xd8 Driver/Source/TWI_driver.o
 .text          0x00000000        0x0 Driver/Source/USART.o
 .data          0x00000000        0x0 Driver/Source/USART.o
 .bss           0x00000000        0x0 Driver/Source/USART.o
 .text.uart_int_transmit
                0x00000000      0x14c Driver/Source/USART.o
 .text.uart_int
                0x00000000       0x10 Driver/Source/USART.o
 .text.uart_receive
                0x00000000       0x10 Driver/Source/USART.o
 .text.uart_dataAvailable
                0x00000000       0x16 Driver/Source/USART.o
 .text.uart_flush
                0x00000000       0x1e Driver/Source/USART.o
 .bss.valid     0x00000000        0x2 Driver/Source/USART.o
 COMMON         0x00000000        0x5 Driver/Source/USART.o
 .text          0x00000000        0x0 Sources/Armanag.o
 .data          0x00000000        0x0 Sources/Armanag.o
 .bss           0x00000000        0x0 Sources/Armanag.o
 .text.CheckSensor
                0x00000000       0x74 Sources/Armanag.o
 .text.ProcessLineState
                0x00000000        0x2 Sources/Armanag.o
 .debug_info    0x00000000      0x1de Sources/Armanag.o
 .debug_abbrev  0x00000000       0xf5 Sources/Armanag.o
 .debug_aranges
                0x00000000       0x28 Sources/Armanag.o
 .debug_ranges  0x00000000       0x18 Sources/Armanag.o
 .debug_line    0x00000000      0x125 Sources/Armanag.o
 .debug_str     0x00000000      0x1bf Sources/Armanag.o
 .comment       0x00000000       0x31 Sources/Armanag.o
 .debug_frame   0x00000000       0x34 Sources/Armanag.o
 .text          0x00000000        0x0 Sources/Interrupts.o
 .data          0x00000000        0x0 Sources/Interrupts.o
 .bss           0x00000000        0x0 Sources/Interrupts.o
 .text          0x00000000        0x0 Sources/main.o
 .data          0x00000000        0x0 Sources/main.o
 .bss           0x00000000        0x0 Sources/main.o
 .data.sensor   0x00000000        0x8 Sources/main.o
 .bss.channel   0x00000000        0x1 Sources/main.o
 .bss.count     0x00000000        0x2 Sources/main.o
 .bss.adc_prevValue
                0x00000000        0x2 Sources/main.o
 .bss.state     0x00000000        0x1 Sources/main.o
 .data.sFlag    0x00000000        0x1 Sources/main.o
 COMMON         0x00000000        0x2 Sources/main.o
 .text          0x00000000        0x0 Sources/Motors.o
 .data          0x00000000        0x0 Sources/Motors.o
 .bss           0x00000000        0x0 Sources/Motors.o
 .text.MotorControl
                0x00000000        0x2 Sources/Motors.o
 .text.backwards
                0x00000000       0x1c Sources/Motors.o
 .text.forward  0x00000000       0x1e Sources/Motors.o
 .text.left_f   0x00000000       0x1c Sources/Motors.o
 .text.right    0x00000000       0x1c Sources/Motors.o
 .debug_info    0x00000000      0x158 Sources/Motors.o
 .debug_abbrev  0x00000000       0x89 Sources/Motors.o
 .debug_loc     0x00000000       0x21 Sources/Motors.o
 .debug_aranges
                0x00000000       0x40 Sources/Motors.o
 .debug_ranges  0x00000000       0x30 Sources/Motors.o
 .debug_line    0x00000000       0xeb Sources/Motors.o
 .debug_str     0x00000000      0x184 Sources/Motors.o
 .comment       0x00000000       0x31 Sources/Motors.o
 .debug_frame   0x00000000       0x64 Sources/Motors.o
 .text          0x00000000        0x0 d:/atmel toolchain/avr8 gcc/native/3.4.1061/avr8-gnu-toolchain/bin/../lib/gcc/avr/4.8.1/avr5\libgcc.a(_exit.o)
 .data          0x00000000        0x0 d:/atmel toolchain/avr8 gcc/native/3.4.1061/avr8-gnu-toolchain/bin/../lib/gcc/avr/4.8.1/avr5\libgcc.a(_exit.o)
 .bss           0x00000000        0x0 d:/atmel toolchain/avr8 gcc/native/3.4.1061/avr8-gnu-toolchain/bin/../lib/gcc/avr/4.8.1/avr5\libgcc.a(_exit.o)
 .text.libgcc.mul
                0x00000000        0x0 d:/atmel toolchain/avr8 gcc/native/3.4.1061/avr8-gnu-toolchain/bin/../lib/gcc/avr/4.8.1/avr5\libgcc.a(_exit.o)
 .text.libgcc.div
                0x00000000        0x0 d:/atmel toolchain/avr8 gcc/native/3.4.1061/avr8-gnu-toolchain/bin/../lib/gcc/avr/4.8.1/avr5\libgcc.a(_exit.o)
 .text.libgcc   0x00000000        0x0 d:/atmel toolchain/avr8 gcc/native/3.4.1061/avr8-gnu-toolchain/bin/../lib/gcc/avr/4.8.1/avr5\libgcc.a(_exit.o)
 .text.libgcc.prologue
                0x00000000        0x0 d:/atmel toolchain/avr8 gcc/native/3.4.1061/avr8-gnu-toolchain/bin/../lib/gcc/avr/4.8.1/avr5\libgcc.a(_exit.o)
 .text.libgcc.builtins
                0x00000000        0x0 d:/atmel toolchain/avr8 gcc/native/3.4.1061/avr8-gnu-toolchain/bin/../lib/gcc/avr/4.8.1/avr5\libgcc.a(_exit.o)
 .text.libgcc.fmul
                0x00000000        0x0 d:/atmel toolchain/avr8 gcc/native/3.4.1061/avr8-gnu-toolchain/bin/../lib/gcc/avr/4.8.1/avr5\libgcc.a(_exit.o)
 .text.libgcc.fixed
                0x00000000        0x0 d:/atmel toolchain/avr8 gcc/native/3.4.1061/avr8-gnu-toolchain/bin/../lib/gcc/avr/4.8.1/avr5\libgcc.a(_exit.o)
 .text          0x00000000        0x0 d:/atmel toolchain/avr8 gcc/native/3.4.1061/avr8-gnu-toolchain/bin/../lib/gcc/avr/4.8.1/avr5\libgcc.a(_tablejump.o)
 .data          0x00000000        0x0 d:/atmel toolchain/avr8 gcc/native/3.4.1061/avr8-gnu-toolchain/bin/../lib/gcc/avr/4.8.1/avr5\libgcc.a(_tablejump.o)
 .bss           0x00000000        0x0 d:/atmel toolchain/avr8 gcc/native/3.4.1061/avr8-gnu-toolchain/bin/../lib/gcc/avr/4.8.1/avr5\libgcc.a(_tablejump.o)
 .text.libgcc.mul
                0x00000000        0x0 d:/atmel toolchain/avr8 gcc/native/3.4.1061/avr8-gnu-toolchain/bin/../lib/gcc/avr/4.8.1/avr5\libgcc.a(_tablejump.o)
 .text.libgcc.div
                0x00000000        0x0 d:/atmel toolchain/avr8 gcc/native/3.4.1061/avr8-gnu-toolchain/bin/../lib/gcc/avr/4.8.1/avr5\libgcc.a(_tablejump.o)
 .text.libgcc   0x00000000        0xc d:/atmel toolchain/avr8 gcc/native/3.4.1061/avr8-gnu-toolchain/bin/../lib/gcc/avr/4.8.1/avr5\libgcc.a(_tablejump.o)
 .text.libgcc.prologue
                0x00000000        0x0 d:/atmel toolchain/avr8 gcc/native/3.4.1061/avr8-gnu-toolchain/bin/../lib/gcc/avr/4.8.1/avr5\libgcc.a(_tablejump.o)
 .text.libgcc.builtins
                0x00000000        0x0 d:/atmel toolchain/avr8 gcc/native/3.4.1061/avr8-gnu-toolchain/bin/../lib/gcc/avr/4.8.1/avr5\libgcc.a(_tablejump.o)
 .text.libgcc.fmul
                0x00000000        0x0 d:/atmel toolchain/avr8 gcc/native/3.4.1061/avr8-gnu-toolchain/bin/../lib/gcc/avr/4.8.1/avr5\libgcc.a(_tablejump.o)
 .text.libgcc.fixed
                0x00000000        0x0 d:/atmel toolchain/avr8 gcc/native/3.4.1061/avr8-gnu-toolchain/bin/../lib/gcc/avr/4.8.1/avr5\libgcc.a(_tablejump.o)
 .text          0x00000000        0x0 d:/atmel toolchain/avr8 gcc/native/3.4.1061/avr8-gnu-toolchain/bin/../lib/gcc/avr/4.8.1/avr5\libgcc.a(_copy_data.o)
 .data          0x00000000        0x0 d:/atmel toolchain/avr8 gcc/native/3.4.1061/avr8-gnu-toolchain/bin/../lib/gcc/avr/4.8.1/avr5\libgcc.a(_copy_data.o)
 .bss           0x00000000        0x0 d:/atmel toolchain/avr8 gcc/native/3.4.1061/avr8-gnu-toolchain/bin/../lib/gcc/avr/4.8.1/avr5\libgcc.a(_copy_data.o)
 .text.libgcc.mul
                0x00000000        0x0 d:/atmel toolchain/avr8 gcc/native/3.4.1061/avr8-gnu-toolchain/bin/../lib/gcc/avr/4.8.1/avr5\libgcc.a(_copy_data.o)
 .text.libgcc.div
                0x00000000        0x0 d:/atmel toolchain/avr8 gcc/native/3.4.1061/avr8-gnu-toolchain/bin/../lib/gcc/avr/4.8.1/avr5\libgcc.a(_copy_data.o)
 .text.libgcc   0x00000000        0x0 d:/atmel toolchain/avr8 gcc/native/3.4.1061/avr8-gnu-toolchain/bin/../lib/gcc/avr/4.8.1/avr5\libgcc.a(_copy_data.o)
 .text.libgcc.prologue
                0x00000000        0x0 d:/atmel toolchain/avr8 gcc/native/3.4.1061/avr8-gnu-toolchain/bin/../lib/gcc/avr/4.8.1/avr5\libgcc.a(_copy_data.o)
 .text.libgcc.builtins
                0x00000000        0x0 d:/atmel toolchain/avr8 gcc/native/3.4.1061/avr8-gnu-toolchain/bin/../lib/gcc/avr/4.8.1/avr5\libgcc.a(_copy_data.o)
 .text.libgcc.fmul
                0x00000000        0x0 d:/atmel toolchain/avr8 gcc/native/3.4.1061/avr8-gnu-toolchain/bin/../lib/gcc/avr/4.8.1/avr5\libgcc.a(_copy_data.o)
 .text.libgcc.fixed
                0x00000000        0x0 d:/atmel toolchain/avr8 gcc/native/3.4.1061/avr8-gnu-toolchain/bin/../lib/gcc/avr/4.8.1/avr5\libgcc.a(_copy_data.o)
 .text          0x00000000        0x0 d:/atmel toolchain/avr8 gcc/native/3.4.1061/avr8-gnu-toolchain/bin/../lib/gcc/avr/4.8.1/avr5\libgcc.a(_clear_bss.o)
 .data          0x00000000        0x0 d:/atmel toolchain/avr8 gcc/native/3.4.1061/avr8-gnu-toolchain/bin/../lib/gcc/avr/4.8.1/avr5\libgcc.a(_clear_bss.o)
 .bss           0x00000000        0x0 d:/atmel toolchain/avr8 gcc/native/3.4.1061/avr8-gnu-toolchain/bin/../lib/gcc/avr/4.8.1/avr5\libgcc.a(_clear_bss.o)
 .text.libgcc.mul
                0x00000000        0x0 d:/atmel toolchain/avr8 gcc/native/3.4.1061/avr8-gnu-toolchain/bin/../lib/gcc/avr/4.8.1/avr5\libgcc.a(_clear_bss.o)
 .text.libgcc.div
                0x00000000        0x0 d:/atmel toolchain/avr8 gcc/native/3.4.1061/avr8-gnu-toolchain/bin/../lib/gcc/avr/4.8.1/avr5\libgcc.a(_clear_bss.o)
 .text.libgcc   0x00000000        0x0 d:/atmel toolchain/avr8 gcc/native/3.4.1061/avr8-gnu-toolchain/bin/../lib/gcc/avr/4.8.1/avr5\libgcc.a(_clear_bss.o)
 .text.libgcc.prologue
                0x00000000        0x0 d:/atmel toolchain/avr8 gcc/native/3.4.1061/avr8-gnu-toolchain/bin/../lib/gcc/avr/4.8.1/avr5\libgcc.a(_clear_bss.o)
 .text.libgcc.builtins
                0x00000000        0x0 d:/atmel toolchain/avr8 gcc/native/3.4.1061/avr8-gnu-toolchain/bin/../lib/gcc/avr/4.8.1/avr5\libgcc.a(_clear_bss.o)
 .text.libgcc.fmul
                0x00000000        0x0 d:/atmel toolchain/avr8 gcc/native/3.4.1061/avr8-gnu-toolchain/bin/../lib/gcc/avr/4.8.1/avr5\libgcc.a(_clear_bss.o)
 .text.libgcc.fixed
                0x00000000        0x0 d:/atmel toolchain/avr8 gcc/native/3.4.1061/avr8-gnu-toolchain/bin/../lib/gcc/avr/4.8.1/avr5\libgcc.a(_clear_bss.o)
 .text          0x00000000        0x0 d:/atmel toolchain/avr8 gcc/native/3.4.1061/avr8-gnu-toolchain/bin/../lib/gcc/avr/4.8.1/avr5\libgcc.a(_umulhisi3.o)
 .data          0x00000000        0x0 d:/atmel toolchain/avr8 gcc/native/3.4.1061/avr8-gnu-toolchain/bin/../lib/gcc/avr/4.8.1/avr5\libgcc.a(_umulhisi3.o)
 .bss           0x00000000        0x0 d:/atmel toolchain/avr8 gcc/native/3.4.1061/avr8-gnu-toolchain/bin/../lib/gcc/avr/4.8.1/avr5\libgcc.a(_umulhisi3.o)
 .text.libgcc.mul
                0x00000000       0x1e d:/atmel toolchain/avr8 gcc/native/3.4.1061/avr8-gnu-toolchain/bin/../lib/gcc/avr/4.8.1/avr5\libgcc.a(_umulhisi3.o)
 .text.libgcc.div
                0x00000000        0x0 d:/atmel toolchain/avr8 gcc/native/3.4.1061/avr8-gnu-toolchain/bin/../lib/gcc/avr/4.8.1/avr5\libgcc.a(_umulhisi3.o)
 .text.libgcc   0x00000000        0x0 d:/atmel toolchain/avr8 gcc/native/3.4.1061/avr8-gnu-toolchain/bin/../lib/gcc/avr/4.8.1/avr5\libgcc.a(_umulhisi3.o)
 .text.libgcc.prologue
                0x00000000        0x0 d:/atmel toolchain/avr8 gcc/native/3.4.1061/avr8-gnu-toolchain/bin/../lib/gcc/avr/4.8.1/avr5\libgcc.a(_umulhisi3.o)
 .text.libgcc.builtins
                0x00000000        0x0 d:/atmel toolchain/avr8 gcc/native/3.4.1061/avr8-gnu-toolchain/bin/../lib/gcc/avr/4.8.1/avr5\libgcc.a(_umulhisi3.o)
 .text.libgcc.fmul
                0x00000000        0x0 d:/atmel toolchain/avr8 gcc/native/3.4.1061/avr8-gnu-toolchain/bin/../lib/gcc/avr/4.8.1/avr5\libgcc.a(_umulhisi3.o)
 .text.libgcc.fixed
                0x00000000        0x0 d:/atmel toolchain/avr8 gcc/native/3.4.1061/avr8-gnu-toolchain/bin/../lib/gcc/avr/4.8.1/avr5\libgcc.a(_umulhisi3.o)
 .text          0x00000000        0x0 d:/atmel toolchain/avr8 gcc/native/3.4.1061/avr8-gnu-toolchain/bin/../lib/gcc/avr/4.8.1/../../../../avr/lib/avr5\libc.a(memcpy_P.o)
 .data          0x00000000        0x0 d:/atmel toolchain/avr8 gcc/native/3.4.1061/avr8-gnu-toolchain/bin/../lib/gcc/avr/4.8.1/../../../../avr/lib/avr5\libc.a(memcpy_P.o)
 .bss           0x00000000        0x0 d:/atmel toolchain/avr8 gcc/native/3.4.1061/avr8-gnu-toolchain/bin/../lib/gcc/avr/4.8.1/../../../../avr/lib/avr5\libc.a(memcpy_P.o)
 .text.avr-libc
                0x00000000       0x12 d:/atmel toolchain/avr8 gcc/native/3.4.1061/avr8-gnu-toolchain/bin/../lib/gcc/avr/4.8.1/../../../../avr/lib/avr5\libc.a(memcpy_P.o)

Memory Configuration

Name             Origin             Length             Attributes
text             0x00000000         0x00020000         xr
data             0x00800060         0x0000ffa0         rw !x
eeprom           0x00810000         0x00010000         rw !x
fuse             0x00820000         0x00000400         rw !x
lock             0x00830000         0x00000400         rw !x
signature        0x00840000         0x00000400         rw !x
user_signatures  0x00850000         0x00000400         rw !x
*default*        0x00000000         0xffffffff

Linker script and memory map

Address of section .data set to 0x800100
LOAD d:/atmel toolchain/avr8 gcc/native/3.4.1061/avr8-gnu-toolchain/bin/../lib/gcc/avr/4.8.1/../../../../avr/lib/avr5/crtm32u4.o
LOAD Driver/Source/ADC.o
LOAD Driver/Source/LCD_control.o
LOAD Driver/Source/PWM.o
LOAD Driver/Source/TWI_driver.o
LOAD Driver/Source/USART.o
LOAD Sources/Armanag.o
LOAD Sources/Interrupts.o
LOAD Sources/main.o
LOAD Sources/Motors.o
START GROUP
LOAD d:/atmel toolchain/avr8 gcc/native/3.4.1061/avr8-gnu-toolchain/bin/../lib/gcc/avr/4.8.1/../../../../avr/lib/avr5\libm.a
END GROUP
START GROUP
LOAD d:/atmel toolchain/avr8 gcc/native/3.4.1061/avr8-gnu-toolchain/bin/../lib/gcc/avr/4.8.1/avr5\libgcc.a
LOAD d:/atmel toolchain/avr8 gcc/native/3.4.1061/avr8-gnu-toolchain/bin/../lib/gcc/avr/4.8.1/../../../../avr/lib/avr5\libm.a
LOAD d:/atmel toolchain/avr8 gcc/native/3.4.1061/avr8-gnu-toolchain/bin/../lib/gcc/avr/4.8.1/../../../../avr/lib/avr5\libc.a
END GROUP

.hash
 *(.hash)

.dynsym
 *(.dynsym)

.dynstr
 *(.dynstr)

.gnu.version
 *(.gnu.version)

.gnu.version_d
 *(.gnu.version_d)

.gnu.version_r
 *(.gnu.version_r)

.rel.init
 *(.rel.init)

.rela.init
 *(.rela.init)

.rel.text
 *(.rel.text)
 *(.rel.text.*)
 *(.rel.gnu.linkonce.t*)

.rela.text
 *(.rela.text)
 *(.rela.text.*)
 *(.rela.gnu.linkonce.t*)

.rel.fini
 *(.rel.fini)

.rela.fini
 *(.rela.fini)

.rel.rodata
 *(.rel.rodata)
 *(.rel.rodata.*)
 *(.rel.gnu.linkonce.r*)

.rela.rodata
 *(.rela.rodata)
 *(.rela.rodata.*)
 *(.rela.gnu.linkonce.r*)

.rel.data
 *(.rel.data)
 *(.rel.data.*)
 *(.rel.gnu.linkonce.d*)

.rela.data
 *(.rela.data)
 *(.rela.data.*)
 *(.rela.gnu.linkonce.d*)

.rel.ctors
 *(.rel.ctors)

.rela.ctors
 *(.rela.ctors)

.rel.dtors
 *(.rel.dtors)

.rela.dtors
 *(.rela.dtors)

.rel.got
 *(.rel.got)

.rela.got
 *(.rela.got)

.rel.bss
 *(.rel.bss)

.rela.bss
 *(.rela.bss)

.rel.plt
 *(.rel.plt)

.rela.plt
 *(.rela.plt)

.text           0x00000000      0x236
 *(.vectors)
 .vectors       0x00000000       0xac d:/atmel toolchain/avr8 gcc/native/3.4.1061/avr8-gnu-toolchain/bin/../lib/gcc/avr/4.8.1/../../../../avr/lib/avr5/crtm32u4.o
                0x00000000                __vector_default
                0x00000000                __vectors
 *(.vectors)
 *(.progmem.gcc*)
                0x000000ac                . = ALIGN (0x2)
                0x000000ac                __trampolines_start = .
 *(.trampolines)
 .trampolines   0x000000ac        0x0 linker stubs
 *(.trampolines*)
                0x000000ac                __trampolines_end = .
 *(.progmem*)
                0x000000ac                . = ALIGN (0x2)
 *(.jumptables)
 *(.jumptables*)
 *(.lowtext)
 *(.lowtext*)
                0x000000ac                __ctors_start = .
 *(.ctors)
                0x000000ac                __ctors_end = .
                0x000000ac                __dtors_start = .
 *(.dtors)
                0x000000ac                __dtors_end = .
 SORT(*)(.ctors)
 SORT(*)(.dtors)
 *(.init0)
 .init0         0x000000ac        0x0 d:/atmel toolchain/avr8 gcc/native/3.4.1061/avr8-gnu-toolchain/bin/../lib/gcc/avr/4.8.1/../../../../avr/lib/avr5/crtm32u4.o
                0x000000ac                __init
 *(.init0)
 *(.init1)
 *(.init1)
 *(.init2)
 .init2         0x000000ac        0xc d:/atmel toolchain/avr8 gcc/native/3.4.1061/avr8-gnu-toolchain/bin/../lib/gcc/avr/4.8.1/../../../../avr/lib/avr5/crtm32u4.o
 *(.init2)
 *(.init3)
 *(.init3)
 *(.init4)
 .init4         0x000000b8       0x16 d:/atmel toolchain/avr8 gcc/native/3.4.1061/avr8-gnu-toolchain/bin/../lib/gcc/avr/4.8.1/avr5\libgcc.a(_copy_data.o)
                0x000000b8                __do_copy_data
 .init4         0x000000ce       0x10 d:/atmel toolchain/avr8 gcc/native/3.4.1061/avr8-gnu-toolchain/bin/../lib/gcc/avr/4.8.1/avr5\libgcc.a(_clear_bss.o)
                0x000000ce                __do_clear_bss
 *(.init4)
 *(.init5)
 *(.init5)
 *(.init6)
 *(.init6)
 *(.init7)
 *(.init7)
 *(.init8)
 *(.init8)
 *(.init9)
 .init9         0x000000de        0x8 d:/atmel toolchain/avr8 gcc/native/3.4.1061/avr8-gnu-toolchain/bin/../lib/gcc/avr/4.8.1/../../../../avr/lib/avr5/crtm32u4.o
 *(.init9)
 *(.text)
 .text          0x000000e6        0x4 d:/atmel toolchain/avr8 gcc/native/3.4.1061/avr8-gnu-toolchain/bin/../lib/gcc/avr/4.8.1/../../../../avr/lib/avr5/crtm32u4.o
                0x000000e6                __vector_38
                0x000000e6                __vector_22
                0x000000e6                __vector_28
                0x000000e6                __vector_1
                0x000000e6                __vector_32
                0x000000e6                __vector_34
                0x000000e6                __vector_24
                0x000000e6                __vector_12
                0x000000e6                __bad_interrupt
                0x000000e6                __vector_6
                0x000000e6                __vector_31
                0x000000e6                __vector_35
                0x000000e6                __vector_39
                0x000000e6                __vector_3
                0x000000e6                __vector_23
                0x000000e6                __vector_30
                0x000000e6                __vector_25
                0x000000e6                __vector_11
                0x000000e6                __vector_13
                0x000000e6                __vector_17
                0x000000e6                __vector_19
                0x000000e6                __vector_7
                0x000000e6                __vector_41
                0x000000e6                __vector_27
                0x000000e6                __vector_5
                0x000000e6                __vector_33
                0x000000e6                __vector_37
                0x000000e6                __vector_4
                0x000000e6                __vector_9
                0x000000e6                __vector_2
                0x000000e6                __vector_21
                0x000000e6                __vector_15
                0x000000e6                __vector_36
                0x000000e6                __vector_40
                0x000000e6                __vector_8
                0x000000e6                __vector_26
                0x000000e6                __vector_14
                0x000000e6                __vector_10
                0x000000e6                __vector_16
                0x000000e6                __vector_18
                0x000000e6                __vector_20
                0x000000e6                __vector_42
                0x000000ea                . = ALIGN (0x2)
 *(.text.*)
 .text.ADC_interuptInit
                0x000000ea       0x2c Driver/Source/ADC.o
                0x000000ea                ADC_interuptInit
 .text.pwm_init
                0x00000116       0x46 Driver/Source/PWM.o
                0x00000116                pwm_init
 .text.uart_transmit
                0x0000015c       0x10 Driver/Source/USART.o
                0x0000015c                uart_transmit
 .text.uart_print
                0x0000016c       0x42 Driver/Source/USART.o
                0x0000016c                uart_print
 .text.uart_init
                0x000001ae       0x22 Driver/Source/USART.o
                0x000001ae                uart_init
 .text.__vector_29
                0x000001d0       0x2c Sources/Interrupts.o
                0x000001d0                __vector_29
 .text.main     0x000001fc       0x36 Sources/main.o
                0x000001fc                main
                0x00000232                . = ALIGN (0x2)
 *(.fini9)
 .fini9         0x00000232        0x0 d:/atmel toolchain/avr8 gcc/native/3.4.1061/avr8-gnu-toolchain/bin/../lib/gcc/avr/4.8.1/avr5\libgcc.a(_exit.o)
                0x00000232                _exit
                0x00000232                exit
 *(.fini9)
 *(.fini8)
 *(.fini8)
 *(.fini7)
 *(.fini7)
 *(.fini6)
 *(.fini6)
 *(.fini5)
 *(.fini5)
 *(.fini4)
 *(.fini4)
 *(.fini3)
 *(.fini3)
 *(.fini2)
 *(.fini2)
 *(.fini1)
 *(.fini1)
 *(.fini0)
 .fini0         0x00000232        0x4 d:/atmel toolchain/avr8 gcc/native/3.4.1061/avr8-gnu-toolchain/bin/../lib/gcc/avr/4.8.1/avr5\libgcc.a(_exit.o)
 *(.fini0)
                0x00000236                _etext = .

.data           0x00800100       0x38 load address 0x00000236
                0x00800100                PROVIDE (__data_start, .)
 *(.data)
 *(.data*)
 *(.rodata)
 *(.rodata*)
 .rodata.str1.1
                0x00800100       0x1f Driver/Source/PWM.o
 .rodata.str1.1
                0x0080011f       0x19 Sources/main.o
 *(.gnu.linkonce.d*)
                0x00800138                . = ALIGN (0x2)
                0x00800138                _edata = .
                0x00800138                PROVIDE (__data_end, .)

.bss            0x00800138        0x2
                0x00800138                PROVIDE (__bss_start, .)
 *(.bss)
 *(.bss*)
 .bss.adc_value
                0x00800138        0x2 Sources/main.o
                0x00800138                adc_value
 *(COMMON)
                0x0080013a                PROVIDE (__bss_end, .)
                0x00000236                __data_load_start = LOADADDR (.data)
                0x0000026e                __data_load_end = (__data_load_start + SIZEOF (.data))

.noinit         0x0080013a        0x0
                0x0080013a                PROVIDE (__noinit_start, .)
 *(.noinit*)
                0x0080013a                PROVIDE (__noinit_end, .)
                0x0080013a                _end = .
                0x0080013a                PROVIDE (__heap_start, .)

.eeprom         0x00810000        0x0
 *(.eeprom*)
                0x00810000                __eeprom_end = .

.fuse
 *(.fuse)
 *(.lfuse)
 *(.hfuse)
 *(.efuse)

.lock
 *(.lock*)

.signature
 *(.signature*)

.user_signatures
 *(.user_signatures*)

.stab
 *(.stab)

.stabstr
 *(.stabstr)

.stab.excl
 *(.stab.excl)

.stab.exclstr
 *(.stab.exclstr)

.stab.index
 *(.stab.index)

.stab.indexstr
 *(.stab.indexstr)

.comment        0x00000000       0x30
 *(.comment)
 .comment       0x00000000       0x30 Driver/Source/ADC.o
                                 0x31 (size before relaxing)
 .comment       0x00000000       0x31 Driver/Source/PWM.o
 .comment       0x00000000       0x31 Driver/Source/USART.o
 .comment       0x00000000       0x31 Sources/Interrupts.o
 .comment       0x00000000       0x31 Sources/main.o

.note.gnu.build-id
 *(.note.gnu.build-id)

.debug
 *(.debug)

.line
 *(.line)

.debug_srcinfo
 *(.debug_srcinfo)

.debug_sfnames
 *(.debug_sfnames)

.debug_aranges  0x00000000       0xf0
 *(.debug_aranges)
 .debug_aranges
                0x00000000       0x38 Driver/Source/ADC.o
 .debug_aranges
                0x00000038       0x20 Driver/Source/PWM.o
 .debug_aranges
                0x00000058       0x58 Driver/Source/USART.o
 .debug_aranges
                0x000000b0       0x20 Sources/Interrupts.o
 .debug_aranges
                0x000000d0       0x20 Sources/main.o

.debug_pubnames
 *(.debug_pubnames)

.debug_info     0x00000000      0x72a
 *(.debug_info .gnu.linkonce.wi.*)
 .debug_info    0x00000000       0xfd Driver/Source/ADC.o
 .debug_info    0x000000fd       0xc7 Driver/Source/PWM.o
 .debug_info    0x000001c4      0x2d9 Driver/Source/USART.o
 .debug_info    0x0000049d       0x95 Sources/Interrupts.o
 .debug_info    0x00000532      0x1f8 Sources/main.o

.debug_abbrev   0x00000000      0x404
 *(.debug_abbrev)
 .debug_abbrev  0x00000000       0x9f Driver/Source/ADC.o
 .debug_abbrev  0x0000009f       0x89 Driver/Source/PWM.o
 .debug_abbrev  0x00000128      0x16e Driver/Source/USART.o
 .debug_abbrev  0x00000296       0x69 Sources/Interrupts.o
 .debug_abbrev  0x000002ff      0x105 Sources/main.o

.debug_line     0x00000000      0x4f0
 *(.debug_line .debug_line.* .debug_line_end)
 .debug_line    0x00000000      0x112 Driver/Source/ADC.o
 .debug_line    0x00000112       0xd7 Driver/Source/PWM.o
 .debug_line    0x000001e9      0x15b Driver/Source/USART.o
 .debug_line    0x00000344       0xc8 Sources/Interrupts.o
 .debug_line    0x0000040c       0xe4 Sources/main.o

.debug_frame    0x00000000      0x18c
 *(.debug_frame)
 .debug_frame   0x00000000       0x54 Driver/Source/ADC.o
 .debug_frame   0x00000054       0x24 Driver/Source/PWM.o
 .debug_frame   0x00000078       0xb8 Driver/Source/USART.o
 .debug_frame   0x00000130       0x38 Sources/Interrupts.o
 .debug_frame   0x00000168       0x24 Sources/main.o

.debug_str      0x00000000      0x295
 *(.debug_str)
 .debug_str     0x00000000      0x149 Driver/Source/ADC.o
                                0x182 (size before relaxing)
 .debug_str     0x00000149       0x2b Driver/Source/PWM.o
                                0x15e (size before relaxing)
 .debug_str     0x00000174       0xa3 Driver/Source/USART.o
                                0x1e1 (size before relaxing)
 .debug_str     0x00000217       0x2e Sources/Interrupts.o
                                0x154 (size before relaxing)
 .debug_str     0x00000245       0x50 Sources/main.o
                                0x1d3 (size before relaxing)

.debug_loc      0x00000000      0x3cb
 *(.debug_loc)
 .debug_loc     0x00000000       0xd0 Driver/Source/ADC.o
 .debug_loc     0x000000d0      0x2b2 Driver/Source/USART.o
 .debug_loc     0x00000382       0x49 Sources/Interrupts.o

.debug_macinfo
 *(.debug_macinfo)

.debug_weaknames
 *(.debug_weaknames)

.debug_funcnames
 *(.debug_funcnames)

.debug_typenames
 *(.debug_typenames)

.debug_varnames
 *(.debug_varnames)

.debug_pubtypes
 *(.debug_pubtypes)

.debug_ranges   0x00000000       0xa0
 *(.debug_ranges)
 .debug_ranges  0x00000000       0x28 Driver/Source/ADC.o
 .debug_ranges  0x00000028       0x10 Driver/Source/PWM.o
 .debug_ranges  0x00000038       0x48 Driver/Source/USART.o
 .debug_ranges  0x00000080       0x10 Sources/Interrupts.o
 .debug_ranges  0x00000090       0x10 Sources/main.o

.debug_macro
 *(.debug_macro)
OUTPUT(RoboTec.elf elf32-avr)
LOAD linker stubs
